Stata license: Unlimited-user network, expiring 15 Aug 2025
Serial number: 401809300744
  Licensed to: David Akinyoyenu
               
Your license has expired
